nohup: ignoring input
cuda
3
step: 0, train loss: 1.033, val loss: 1.034
step: 10, train loss: 0.234, val loss: 0.228
step: 20, train loss: 0.228, val loss: 0.217
step: 30, train loss: 0.212, val loss: 0.216
step: 40, train loss: 0.216, val loss: 0.209
step: 50, train loss: 0.209, val loss: 0.210
step: 60, train loss: 0.207, val loss: 0.206
step: 70, train loss: 0.214, val loss: 0.206
step: 80, train loss: 0.213, val loss: 0.206
step: 90, train loss: 0.212, val loss: 0.210
step: 100, train loss: 0.212, val loss: 0.206
step: 110, train loss: 0.214, val loss: 0.206
step: 120, train loss: 0.210, val loss: 0.205
step: 130, train loss: 0.210, val loss: 0.214
step: 140, train loss: 0.212, val loss: 0.209
step: 150, train loss: 0.210, val loss: 0.208
step: 160, train loss: 0.207, val loss: 0.210
step: 170, train loss: 0.213, val loss: 0.209
step: 180, train loss: 0.215, val loss: 0.206
step: 190, train loss: 0.215, val loss: 0.207
step: 200, train loss: 0.212, val loss: 0.209
step: 210, train loss: 0.210, val loss: 0.206
step: 220, train loss: 0.206, val loss: 0.208
step: 230, train loss: 0.209, val loss: 0.208
step: 240, train loss: 0.205, val loss: 0.207
step: 250, train loss: 0.212, val loss: 0.206
step: 260, train loss: 0.209, val loss: 0.205
step: 270, train loss: 0.208, val loss: 0.203
step: 280, train loss: 0.206, val loss: 0.205
step: 290, train loss: 0.211, val loss: 0.207
step: 300, train loss: 0.211, val loss: 0.205
step: 310, train loss: 0.217, val loss: 0.204
step: 320, train loss: 0.205, val loss: 0.210
step: 330, train loss: 0.204, val loss: 0.209
step: 340, train loss: 0.210, val loss: 0.204
step: 350, train loss: 0.206, val loss: 0.205
step: 360, train loss: 0.207, val loss: 0.204
step: 370, train loss: 0.210, val loss: 0.204
step: 380, train loss: 0.210, val loss: 0.199
step: 390, train loss: 0.213, val loss: 0.203
step: 400, train loss: 0.208, val loss: 0.207
step: 410, train loss: 0.207, val loss: 0.206
step: 420, train loss: 0.209, val loss: 0.210
step: 430, train loss: 0.212, val loss: 0.204
step: 440, train loss: 0.207, val loss: 0.202
step: 450, train loss: 0.207, val loss: 0.204
step: 460, train loss: 0.207, val loss: 0.203
step: 470, train loss: 0.208, val loss: 0.206
step: 480, train loss: 0.211, val loss: 0.207
step: 490, train loss: 0.213, val loss: 0.200
step: 500, train loss: 0.214, val loss: 0.205
step: 510, train loss: 0.207, val loss: 0.206
step: 520, train loss: 0.211, val loss: 0.206
step: 530, train loss: 0.207, val loss: 0.204
step: 540, train loss: 0.213, val loss: 0.206
step: 550, train loss: 0.206, val loss: 0.205
step: 560, train loss: 0.205, val loss: 0.207
step: 570, train loss: 0.200, val loss: 0.202
step: 580, train loss: 0.200, val loss: 0.201
step: 590, train loss: 0.209, val loss: 0.206
step: 600, train loss: 0.211, val loss: 0.199
step: 610, train loss: 0.206, val loss: 0.202
step: 620, train loss: 0.207, val loss: 0.203
step: 630, train loss: 0.203, val loss: 0.206
step: 640, train loss: 0.201, val loss: 0.204
step: 650, train loss: 0.205, val loss: 0.204
step: 660, train loss: 0.206, val loss: 0.196
step: 670, train loss: 0.204, val loss: 0.202
step: 680, train loss: 0.205, val loss: 0.199
step: 690, train loss: 0.198, val loss: 0.202
step: 700, train loss: 0.200, val loss: 0.198
step: 710, train loss: 0.202, val loss: 0.199
step: 720, train loss: 0.199, val loss: 0.200
step: 730, train loss: 0.200, val loss: 0.198
step: 740, train loss: 0.198, val loss: 0.198
step: 750, train loss: 0.199, val loss: 0.202
step: 760, train loss: 0.203, val loss: 0.196
step: 770, train loss: 0.205, val loss: 0.198
step: 780, train loss: 0.201, val loss: 0.199
step: 790, train loss: 0.202, val loss: 0.197
step: 800, train loss: 0.206, val loss: 0.197
step: 810, train loss: 0.196, val loss: 0.196
step: 820, train loss: 0.201, val loss: 0.201
step: 830, train loss: 0.200, val loss: 0.202
step: 840, train loss: 0.199, val loss: 0.201
step: 850, train loss: 0.201, val loss: 0.191
step: 860, train loss: 0.205, val loss: 0.196
step: 870, train loss: 0.198, val loss: 0.198
step: 880, train loss: 0.203, val loss: 0.198
step: 890, train loss: 0.205, val loss: 0.197
step: 900, train loss: 0.201, val loss: 0.192
step: 910, train loss: 0.199, val loss: 0.197
step: 920, train loss: 0.200, val loss: 0.198
step: 930, train loss: 0.203, val loss: 0.193
step: 940, train loss: 0.202, val loss: 0.194
step: 950, train loss: 0.200, val loss: 0.196
step: 960, train loss: 0.204, val loss: 0.194
step: 970, train loss: 0.200, val loss: 0.195
step: 980, train loss: 0.199, val loss: 0.198
step: 990, train loss: 0.200, val loss: 0.199
step: 1000, train loss: 0.197, val loss: 0.202
step: 1010, train loss: 0.200, val loss: 0.196
step: 1020, train loss: 0.201, val loss: 0.198
step: 1030, train loss: 0.204, val loss: 0.197
step: 1040, train loss: 0.202, val loss: 0.200
step: 1050, train loss: 0.201, val loss: 0.197
step: 1060, train loss: 0.203, val loss: 0.198
step: 1070, train loss: 0.197, val loss: 0.194
step: 1080, train loss: 0.207, val loss: 0.198
step: 1090, train loss: 0.198, val loss: 0.199
step: 1100, train loss: 0.201, val loss: 0.198
step: 1110, train loss: 0.197, val loss: 0.198
step: 1120, train loss: 0.202, val loss: 0.197
step: 1130, train loss: 0.199, val loss: 0.192
step: 1140, train loss: 0.196, val loss: 0.200
step: 1150, train loss: 0.204, val loss: 0.196
step: 1160, train loss: 0.202, val loss: 0.193
step: 1170, train loss: 0.199, val loss: 0.200
step: 1180, train loss: 0.201, val loss: 0.197
step: 1190, train loss: 0.198, val loss: 0.200
step: 1200, train loss: 0.201, val loss: 0.199
step: 1210, train loss: 0.203, val loss: 0.195
step: 1220, train loss: 0.202, val loss: 0.198
step: 1230, train loss: 0.197, val loss: 0.196
step: 1240, train loss: 0.200, val loss: 0.199
step: 1250, train loss: 0.200, val loss: 0.199
step: 1260, train loss: 0.205, val loss: 0.199
step: 1270, train loss: 0.199, val loss: 0.198
step: 1280, train loss: 0.199, val loss: 0.197
step: 1290, train loss: 0.198, val loss: 0.197
step: 1300, train loss: 0.203, val loss: 0.193
step: 1310, train loss: 0.201, val loss: 0.199
step: 1320, train loss: 0.202, val loss: 0.197
step: 1330, train loss: 0.202, val loss: 0.200
step: 1340, train loss: 0.206, val loss: 0.195
step: 1350, train loss: 0.199, val loss: 0.197
step: 1360, train loss: 0.201, val loss: 0.196
step: 1370, train loss: 0.202, val loss: 0.202
step: 1380, train loss: 0.200, val loss: 0.196
step: 1390, train loss: 0.199, val loss: 0.194
step: 1400, train loss: 0.198, val loss: 0.199
step: 1410, train loss: 0.202, val loss: 0.195
step: 1420, train loss: 0.197, val loss: 0.196
step: 1430, train loss: 0.201, val loss: 0.195
step: 1440, train loss: 0.202, val loss: 0.198
step: 1450, train loss: 0.197, val loss: 0.192
step: 1460, train loss: 0.207, val loss: 0.195
step: 1470, train loss: 0.195, val loss: 0.199
step: 1480, train loss: 0.198, val loss: 0.195
step: 1490, train loss: 0.202, val loss: 0.204
step: 1500, train loss: 0.199, val loss: 0.196
step: 1510, train loss: 0.202, val loss: 0.199
step: 1520, train loss: 0.202, val loss: 0.197
step: 1530, train loss: 0.194, val loss: 0.198
step: 1540, train loss: 0.199, val loss: 0.200
step: 1550, train loss: 0.205, val loss: 0.201
step: 1560, train loss: 0.200, val loss: 0.197
step: 1570, train loss: 0.202, val loss: 0.197
step: 1580, train loss: 0.197, val loss: 0.199
step: 1590, train loss: 0.200, val loss: 0.194
step: 1600, train loss: 0.201, val loss: 0.195
step: 1610, train loss: 0.196, val loss: 0.194
step: 1620, train loss: 0.202, val loss: 0.201
step: 1630, train loss: 0.199, val loss: 0.197
step: 1640, train loss: 0.198, val loss: 0.193
step: 1650, train loss: 0.196, val loss: 0.195
step: 1660, train loss: 0.203, val loss: 0.199
step: 1670, train loss: 0.199, val loss: 0.199
step: 1680, train loss: 0.200, val loss: 0.197
step: 1690, train loss: 0.210, val loss: 0.196
step: 1700, train loss: 0.195, val loss: 0.196
step: 1710, train loss: 0.198, val loss: 0.199
step: 1720, train loss: 0.198, val loss: 0.195
step: 1730, train loss: 0.200, val loss: 0.200
step: 1740, train loss: 0.195, val loss: 0.196
step: 1750, train loss: 0.200, val loss: 0.193
step: 1760, train loss: 0.198, val loss: 0.192
step: 1770, train loss: 0.203, val loss: 0.198
step: 1780, train loss: 0.201, val loss: 0.196
step: 1790, train loss: 0.203, val loss: 0.195
step: 1800, train loss: 0.198, val loss: 0.196
step: 1810, train loss: 0.203, val loss: 0.196
step: 1820, train loss: 0.200, val loss: 0.193
step: 1830, train loss: 0.196, val loss: 0.196
step: 1840, train loss: 0.202, val loss: 0.196
step: 1850, train loss: 0.201, val loss: 0.195
step: 1860, train loss: 0.206, val loss: 0.201
step: 1870, train loss: 0.202, val loss: 0.192
step: 1880, train loss: 0.202, val loss: 0.199
step: 1890, train loss: 0.201, val loss: 0.198
step: 1900, train loss: 0.196, val loss: 0.201
step: 1910, train loss: 0.198, val loss: 0.200
step: 1920, train loss: 0.203, val loss: 0.199
step: 1930, train loss: 0.201, val loss: 0.196
step: 1940, train loss: 0.197, val loss: 0.193
step: 1950, train loss: 0.197, val loss: 0.190
step: 1960, train loss: 0.195, val loss: 0.197
step: 1970, train loss: 0.199, val loss: 0.197
step: 1980, train loss: 0.198, val loss: 0.199
step: 1990, train loss: 0.201, val loss: 0.193
step: 2000, train loss: 0.198, val loss: 0.197
step: 2010, train loss: 0.197, val loss: 0.197
step: 2020, train loss: 0.204, val loss: 0.196
step: 2030, train loss: 0.202, val loss: 0.200
step: 2040, train loss: 0.207, val loss: 0.192
step: 2050, train loss: 0.202, val loss: 0.193
step: 2060, train loss: 0.203, val loss: 0.193
step: 2070, train loss: 0.200, val loss: 0.198
step: 2080, train loss: 0.198, val loss: 0.192
step: 2090, train loss: 0.203, val loss: 0.197
step: 2100, train loss: 0.201, val loss: 0.197
step: 2110, train loss: 0.202, val loss: 0.198
step: 2120, train loss: 0.195, val loss: 0.195
step: 2130, train loss: 0.202, val loss: 0.197
step: 2140, train loss: 0.200, val loss: 0.196
step: 2150, train loss: 0.194, val loss: 0.199
step: 2160, train loss: 0.204, val loss: 0.196
step: 2170, train loss: 0.196, val loss: 0.202
step: 2180, train loss: 0.204, val loss: 0.194
step: 2190, train loss: 0.201, val loss: 0.196
step: 2200, train loss: 0.202, val loss: 0.198
step: 2210, train loss: 0.196, val loss: 0.196
step: 2220, train loss: 0.200, val loss: 0.198
step: 2230, train loss: 0.197, val loss: 0.193
step: 2240, train loss: 0.201, val loss: 0.197
step: 2250, train loss: 0.198, val loss: 0.195
step: 2260, train loss: 0.195, val loss: 0.196
step: 2270, train loss: 0.201, val loss: 0.197
step: 2280, train loss: 0.201, val loss: 0.202
step: 2290, train loss: 0.203, val loss: 0.198
step: 2300, train loss: 0.197, val loss: 0.198
step: 2310, train loss: 0.199, val loss: 0.200
step: 2320, train loss: 0.204, val loss: 0.199
step: 2330, train loss: 0.201, val loss: 0.197
step: 2340, train loss: 0.204, val loss: 0.196
step: 2350, train loss: 0.194, val loss: 0.197
step: 2360, train loss: 0.198, val loss: 0.200
step: 2370, train loss: 0.200, val loss: 0.196
step: 2380, train loss: 0.197, val loss: 0.198
step: 2390, train loss: 0.203, val loss: 0.198
step: 2400, train loss: 0.199, val loss: 0.194
step: 2410, train loss: 0.199, val loss: 0.192
step: 2420, train loss: 0.199, val loss: 0.195
step: 2430, train loss: 0.202, val loss: 0.199
step: 2440, train loss: 0.199, val loss: 0.201
step: 2450, train loss: 0.202, val loss: 0.191
step: 2460, train loss: 0.202, val loss: 0.198
step: 2470, train loss: 0.193, val loss: 0.193
step: 2480, train loss: 0.200, val loss: 0.195
step: 2490, train loss: 0.197, val loss: 0.199
step: 2500, train loss: 0.204, val loss: 0.193
step: 2510, train loss: 0.198, val loss: 0.198
step: 2520, train loss: 0.195, val loss: 0.195
step: 2530, train loss: 0.195, val loss: 0.196
step: 2540, train loss: 0.199, val loss: 0.196
step: 2550, train loss: 0.198, val loss: 0.198
step: 2560, train loss: 0.202, val loss: 0.200
step: 2570, train loss: 0.194, val loss: 0.196
step: 2580, train loss: 0.198, val loss: 0.191
step: 2590, train loss: 0.198, val loss: 0.199
step: 2600, train loss: 0.202, val loss: 0.196
step: 2610, train loss: 0.201, val loss: 0.200
step: 2620, train loss: 0.198, val loss: 0.197
step: 2630, train loss: 0.203, val loss: 0.197
step: 2640, train loss: 0.199, val loss: 0.198
step: 2650, train loss: 0.198, val loss: 0.192
step: 2660, train loss: 0.202, val loss: 0.203
step: 2670, train loss: 0.200, val loss: 0.199
step: 2680, train loss: 0.199, val loss: 0.199
step: 2690, train loss: 0.194, val loss: 0.197
step: 2700, train loss: 0.197, val loss: 0.197
step: 2710, train loss: 0.198, val loss: 0.194
step: 2720, train loss: 0.193, val loss: 0.202
step: 2730, train loss: 0.204, val loss: 0.202
step: 2740, train loss: 0.204, val loss: 0.193
step: 2750, train loss: 0.200, val loss: 0.196
step: 2760, train loss: 0.207, val loss: 0.197
step: 2770, train loss: 0.204, val loss: 0.199
step: 2780, train loss: 0.197, val loss: 0.196
step: 2790, train loss: 0.199, val loss: 0.197
step: 2800, train loss: 0.199, val loss: 0.195
step: 2810, train loss: 0.201, val loss: 0.198
step: 2820, train loss: 0.196, val loss: 0.196
step: 2830, train loss: 0.201, val loss: 0.195
step: 2840, train loss: 0.203, val loss: 0.192
step: 2850, train loss: 0.197, val loss: 0.196
step: 2860, train loss: 0.204, val loss: 0.195
step: 2870, train loss: 0.197, val loss: 0.201
step: 2880, train loss: 0.202, val loss: 0.199
step: 2890, train loss: 0.198, val loss: 0.190
step: 2900, train loss: 0.198, val loss: 0.196
step: 2910, train loss: 0.201, val loss: 0.196
step: 2920, train loss: 0.206, val loss: 0.195
step: 2930, train loss: 0.196, val loss: 0.199
step: 2940, train loss: 0.201, val loss: 0.195
step: 2950, train loss: 0.204, val loss: 0.195
step: 2960, train loss: 0.200, val loss: 0.198
step: 2970, train loss: 0.200, val loss: 0.196
step: 2980, train loss: 0.197, val loss: 0.196
step: 2990, train loss: 0.198, val loss: 0.192
step: 3000, train loss: 0.203, val loss: 0.191
step: 3010, train loss: 0.202, val loss: 0.189
step: 3020, train loss: 0.201, val loss: 0.198
step: 3030, train loss: 0.197, val loss: 0.198
step: 3040, train loss: 0.202, val loss: 0.197
step: 3050, train loss: 0.198, val loss: 0.202
step: 3060, train loss: 0.204, val loss: 0.199
step: 3070, train loss: 0.203, val loss: 0.195
step: 3080, train loss: 0.198, val loss: 0.199
step: 3090, train loss: 0.197, val loss: 0.193
step: 3100, train loss: 0.200, val loss: 0.199
step: 3110, train loss: 0.203, val loss: 0.200
step: 3120, train loss: 0.197, val loss: 0.195
step: 3130, train loss: 0.202, val loss: 0.199
step: 3140, train loss: 0.203, val loss: 0.198
step: 3150, train loss: 0.195, val loss: 0.193
step: 3160, train loss: 0.202, val loss: 0.196
step: 3170, train loss: 0.198, val loss: 0.197
step: 3180, train loss: 0.202, val loss: 0.194
step: 3190, train loss: 0.201, val loss: 0.197
step: 3200, train loss: 0.195, val loss: 0.198
step: 3210, train loss: 0.197, val loss: 0.196
step: 3220, train loss: 0.198, val loss: 0.196
step: 3230, train loss: 0.199, val loss: 0.194
step: 3240, train loss: 0.202, val loss: 0.194
step: 3250, train loss: 0.200, val loss: 0.199
step: 3260, train loss: 0.207, val loss: 0.193
step: 3270, train loss: 0.200, val loss: 0.198
step: 3280, train loss: 0.201, val loss: 0.195
step: 3290, train loss: 0.196, val loss: 0.192
step: 3300, train loss: 0.206, val loss: 0.200
step: 3310, train loss: 0.197, val loss: 0.198
step: 3320, train loss: 0.203, val loss: 0.199
step: 3330, train loss: 0.197, val loss: 0.191
step: 3340, train loss: 0.198, val loss: 0.193
step: 3350, train loss: 0.199, val loss: 0.198
step: 3360, train loss: 0.201, val loss: 0.195
step: 3370, train loss: 0.206, val loss: 0.198
step: 3380, train loss: 0.197, val loss: 0.195
step: 3390, train loss: 0.201, val loss: 0.196
step: 3400, train loss: 0.206, val loss: 0.198
step: 3410, train loss: 0.200, val loss: 0.193
step: 3420, train loss: 0.199, val loss: 0.200
step: 3430, train loss: 0.197, val loss: 0.197
step: 3440, train loss: 0.205, val loss: 0.198
step: 3450, train loss: 0.205, val loss: 0.195
step: 3460, train loss: 0.199, val loss: 0.196
step: 3470, train loss: 0.199, val loss: 0.199
step: 3480, train loss: 0.200, val loss: 0.192
step: 3490, train loss: 0.198, val loss: 0.196
step: 3500, train loss: 0.201, val loss: 0.199
step: 3510, train loss: 0.205, val loss: 0.198
step: 3520, train loss: 0.198, val loss: 0.199
step: 3530, train loss: 0.198, val loss: 0.194
step: 3540, train loss: 0.202, val loss: 0.196
step: 3550, train loss: 0.204, val loss: 0.193
step: 3560, train loss: 0.198, val loss: 0.197
step: 3570, train loss: 0.197, val loss: 0.197
step: 3580, train loss: 0.198, val loss: 0.196
step: 3590, train loss: 0.201, val loss: 0.198
step: 3600, train loss: 0.200, val loss: 0.195
step: 3610, train loss: 0.193, val loss: 0.196
step: 3620, train loss: 0.198, val loss: 0.196
step: 3630, train loss: 0.196, val loss: 0.196
step: 3640, train loss: 0.198, val loss: 0.198
step: 3650, train loss: 0.203, val loss: 0.196
step: 3660, train loss: 0.201, val loss: 0.199
step: 3670, train loss: 0.193, val loss: 0.198
step: 3680, train loss: 0.197, val loss: 0.200
step: 3690, train loss: 0.198, val loss: 0.196
step: 3700, train loss: 0.195, val loss: 0.193
step: 3710, train loss: 0.195, val loss: 0.197
step: 3720, train loss: 0.198, val loss: 0.196
step: 3730, train loss: 0.197, val loss: 0.196
step: 3740, train loss: 0.199, val loss: 0.201
step: 3750, train loss: 0.199, val loss: 0.200
step: 3760, train loss: 0.198, val loss: 0.195
step: 3770, train loss: 0.205, val loss: 0.198
step: 3780, train loss: 0.203, val loss: 0.194
step: 3790, train loss: 0.194, val loss: 0.195
step: 3800, train loss: 0.199, val loss: 0.195
step: 3810, train loss: 0.198, val loss: 0.194
step: 3820, train loss: 0.199, val loss: 0.193
step: 3830, train loss: 0.196, val loss: 0.198
step: 3840, train loss: 0.196, val loss: 0.198
step: 3850, train loss: 0.200, val loss: 0.195
step: 3860, train loss: 0.198, val loss: 0.197
step: 3870, train loss: 0.202, val loss: 0.195
step: 3880, train loss: 0.202, val loss: 0.195
step: 3890, train loss: 0.200, val loss: 0.197
step: 3900, train loss: 0.203, val loss: 0.200
step: 3910, train loss: 0.207, val loss: 0.198
step: 3920, train loss: 0.203, val loss: 0.199
step: 3930, train loss: 0.196, val loss: 0.197
step: 3940, train loss: 0.201, val loss: 0.199
step: 3950, train loss: 0.203, val loss: 0.198
step: 3960, train loss: 0.199, val loss: 0.197
step: 3970, train loss: 0.198, val loss: 0.198
step: 3980, train loss: 0.195, val loss: 0.193
step: 3990, train loss: 0.200, val loss: 0.194
step: 4000, train loss: 0.198, val loss: 0.198
step: 4010, train loss: 0.199, val loss: 0.197
step: 4020, train loss: 0.199, val loss: 0.199
step: 4030, train loss: 0.201, val loss: 0.200
step: 4040, train loss: 0.195, val loss: 0.192
step: 4050, train loss: 0.199, val loss: 0.198
step: 4060, train loss: 0.207, val loss: 0.194
step: 4070, train loss: 0.196, val loss: 0.195
step: 4080, train loss: 0.203, val loss: 0.200
step: 4090, train loss: 0.197, val loss: 0.200
step: 4100, train loss: 0.197, val loss: 0.195
step: 4110, train loss: 0.198, val loss: 0.194
step: 4120, train loss: 0.198, val loss: 0.191
step: 4130, train loss: 0.200, val loss: 0.196
step: 4140, train loss: 0.198, val loss: 0.198
step: 4150, train loss: 0.198, val loss: 0.200
step: 4160, train loss: 0.199, val loss: 0.200
step: 4170, train loss: 0.199, val loss: 0.194
step: 4180, train loss: 0.202, val loss: 0.197
step: 4190, train loss: 0.200, val loss: 0.194
step: 4200, train loss: 0.199, val loss: 0.194
step: 4210, train loss: 0.194, val loss: 0.198
step: 4220, train loss: 0.203, val loss: 0.197
step: 4230, train loss: 0.197, val loss: 0.198
step: 4240, train loss: 0.200, val loss: 0.195
step: 4250, train loss: 0.199, val loss: 0.196
step: 4260, train loss: 0.200, val loss: 0.193
step: 4270, train loss: 0.201, val loss: 0.197
step: 4280, train loss: 0.194, val loss: 0.193
step: 4290, train loss: 0.201, val loss: 0.198
step: 4300, train loss: 0.198, val loss: 0.199
step: 4310, train loss: 0.205, val loss: 0.196
step: 4320, train loss: 0.200, val loss: 0.199
step: 4330, train loss: 0.198, val loss: 0.197
step: 4340, train loss: 0.203, val loss: 0.198
step: 4350, train loss: 0.202, val loss: 0.202
step: 4360, train loss: 0.195, val loss: 0.195
step: 4370, train loss: 0.199, val loss: 0.195
step: 4380, train loss: 0.202, val loss: 0.198
step: 4390, train loss: 0.207, val loss: 0.197
step: 4400, train loss: 0.199, val loss: 0.197
step: 4410, train loss: 0.197, val loss: 0.194
step: 4420, train loss: 0.200, val loss: 0.197
step: 4430, train loss: 0.196, val loss: 0.193
step: 4440, train loss: 0.200, val loss: 0.200
step: 4450, train loss: 0.196, val loss: 0.197
step: 4460, train loss: 0.200, val loss: 0.200
step: 4470, train loss: 0.207, val loss: 0.201
step: 4480, train loss: 0.196, val loss: 0.199
step: 4490, train loss: 0.199, val loss: 0.194
step: 4500, train loss: 0.205, val loss: 0.195
step: 4510, train loss: 0.199, val loss: 0.193
step: 4520, train loss: 0.201, val loss: 0.199
step: 4530, train loss: 0.198, val loss: 0.197
step: 4540, train loss: 0.203, val loss: 0.196
step: 4550, train loss: 0.198, val loss: 0.200
step: 4560, train loss: 0.198, val loss: 0.201
step: 4570, train loss: 0.203, val loss: 0.199
step: 4580, train loss: 0.202, val loss: 0.200
step: 4590, train loss: 0.198, val loss: 0.201
step: 4600, train loss: 0.201, val loss: 0.195
step: 4610, train loss: 0.195, val loss: 0.192
step: 4620, train loss: 0.199, val loss: 0.203
step: 4630, train loss: 0.196, val loss: 0.195
step: 4640, train loss: 0.199, val loss: 0.197
step: 4650, train loss: 0.200, val loss: 0.198
step: 4660, train loss: 0.200, val loss: 0.197
step: 4670, train loss: 0.199, val loss: 0.193
step: 4680, train loss: 0.197, val loss: 0.197
step: 4690, train loss: 0.203, val loss: 0.199
step: 4700, train loss: 0.196, val loss: 0.191
step: 4710, train loss: 0.202, val loss: 0.197
step: 4720, train loss: 0.203, val loss: 0.198
step: 4730, train loss: 0.200, val loss: 0.199
step: 4740, train loss: 0.196, val loss: 0.196
step: 4750, train loss: 0.201, val loss: 0.197
step: 4760, train loss: 0.195, val loss: 0.192
step: 4770, train loss: 0.200, val loss: 0.194
step: 4780, train loss: 0.202, val loss: 0.197
step: 4790, train loss: 0.202, val loss: 0.196
step: 4800, train loss: 0.197, val loss: 0.200
step: 4810, train loss: 0.198, val loss: 0.198
step: 4820, train loss: 0.196, val loss: 0.195
step: 4830, train loss: 0.200, val loss: 0.198
step: 4840, train loss: 0.198, val loss: 0.197
step: 4850, train loss: 0.198, val loss: 0.193
step: 4860, train loss: 0.201, val loss: 0.201
step: 4870, train loss: 0.199, val loss: 0.192
step: 4880, train loss: 0.198, val loss: 0.200
step: 4890, train loss: 0.200, val loss: 0.194
step: 4900, train loss: 0.206, val loss: 0.198
step: 4910, train loss: 0.199, val loss: 0.197
step: 4920, train loss: 0.198, val loss: 0.198
step: 4930, train loss: 0.203, val loss: 0.198
step: 4940, train loss: 0.200, val loss: 0.200
step: 4950, train loss: 0.200, val loss: 0.202
step: 4960, train loss: 0.196, val loss: 0.198
step: 4970, train loss: 0.199, val loss: 0.201
step: 4980, train loss: 0.202, val loss: 0.193
step: 4990, train loss: 0.197, val loss: 0.197
step: 5000, train loss: 0.201, val loss: 0.197
step: 5010, train loss: 0.197, val loss: 0.195
step: 5020, train loss: 0.200, val loss: 0.193
step: 5030, train loss: 0.198, val loss: 0.193
step: 5040, train loss: 0.200, val loss: 0.198
step: 5050, train loss: 0.201, val loss: 0.199
step: 5060, train loss: 0.200, val loss: 0.196
step: 5070, train loss: 0.200, val loss: 0.197
step: 5080, train loss: 0.199, val loss: 0.197
step: 5090, train loss: 0.200, val loss: 0.198
step: 5100, train loss: 0.189, val loss: 0.198
step: 5110, train loss: 0.203, val loss: 0.192
step: 5120, train loss: 0.203, val loss: 0.194
step: 5130, train loss: 0.198, val loss: 0.198
step: 5140, train loss: 0.207, val loss: 0.194
step: 5150, train loss: 0.199, val loss: 0.195
step: 5160, train loss: 0.200, val loss: 0.194
step: 5170, train loss: 0.201, val loss: 0.195
step: 5180, train loss: 0.202, val loss: 0.196
step: 5190, train loss: 0.203, val loss: 0.195
step: 5200, train loss: 0.203, val loss: 0.199
step: 5210, train loss: 0.198, val loss: 0.194
step: 5220, train loss: 0.197, val loss: 0.200
step: 5230, train loss: 0.197, val loss: 0.194
step: 5240, train loss: 0.197, val loss: 0.198
step: 5250, train loss: 0.200, val loss: 0.199
step: 5260, train loss: 0.199, val loss: 0.199
step: 5270, train loss: 0.205, val loss: 0.192
step: 5280, train loss: 0.201, val loss: 0.193
step: 5290, train loss: 0.203, val loss: 0.198
step: 5300, train loss: 0.200, val loss: 0.202
step: 5310, train loss: 0.198, val loss: 0.198
step: 5320, train loss: 0.198, val loss: 0.197
step: 5330, train loss: 0.202, val loss: 0.195
step: 5340, train loss: 0.200, val loss: 0.197
step: 5350, train loss: 0.202, val loss: 0.202
step: 5360, train loss: 0.199, val loss: 0.196
step: 5370, train loss: 0.207, val loss: 0.199
step: 5380, train loss: 0.197, val loss: 0.196
step: 5390, train loss: 0.205, val loss: 0.200
step: 5400, train loss: 0.200, val loss: 0.195
step: 5410, train loss: 0.198, val loss: 0.199
step: 5420, train loss: 0.195, val loss: 0.196
step: 5430, train loss: 0.197, val loss: 0.197
step: 5440, train loss: 0.203, val loss: 0.199
step: 5450, train loss: 0.199, val loss: 0.195
step: 5460, train loss: 0.198, val loss: 0.195
step: 5470, train loss: 0.196, val loss: 0.196
step: 5480, train loss: 0.200, val loss: 0.194
step: 5490, train loss: 0.196, val loss: 0.195
step: 5500, train loss: 0.193, val loss: 0.197
step: 5510, train loss: 0.202, val loss: 0.199
step: 5520, train loss: 0.202, val loss: 0.195
step: 5530, train loss: 0.203, val loss: 0.195
step: 5540, train loss: 0.201, val loss: 0.198
step: 5550, train loss: 0.194, val loss: 0.196
step: 5560, train loss: 0.201, val loss: 0.196
step: 5570, train loss: 0.197, val loss: 0.193
step: 5580, train loss: 0.199, val loss: 0.198
step: 5590, train loss: 0.199, val loss: 0.196
step: 5600, train loss: 0.199, val loss: 0.193
step: 5610, train loss: 0.199, val loss: 0.206
step: 5620, train loss: 0.201, val loss: 0.195
step: 5630, train loss: 0.200, val loss: 0.195
step: 5640, train loss: 0.200, val loss: 0.197
step: 5650, train loss: 0.198, val loss: 0.198
step: 5660, train loss: 0.198, val loss: 0.193
step: 5670, train loss: 0.203, val loss: 0.195
step: 5680, train loss: 0.204, val loss: 0.200
step: 5690, train loss: 0.200, val loss: 0.194
step: 5700, train loss: 0.199, val loss: 0.198
step: 5710, train loss: 0.204, val loss: 0.199
step: 5720, train loss: 0.199, val loss: 0.194
step: 5730, train loss: 0.203, val loss: 0.193
step: 5740, train loss: 0.192, val loss: 0.200
step: 5750, train loss: 0.194, val loss: 0.199
step: 5760, train loss: 0.199, val loss: 0.194
step: 5770, train loss: 0.202, val loss: 0.199
step: 5780, train loss: 0.191, val loss: 0.195
step: 5790, train loss: 0.202, val loss: 0.195
step: 5800, train loss: 0.201, val loss: 0.195
step: 5810, train loss: 0.201, val loss: 0.195
step: 5820, train loss: 0.199, val loss: 0.195
step: 5830, train loss: 0.197, val loss: 0.202
step: 5840, train loss: 0.194, val loss: 0.197
step: 5850, train loss: 0.197, val loss: 0.193
step: 5860, train loss: 0.200, val loss: 0.199
step: 5870, train loss: 0.199, val loss: 0.197
step: 5880, train loss: 0.195, val loss: 0.198
step: 5890, train loss: 0.203, val loss: 0.198
step: 5900, train loss: 0.195, val loss: 0.194
step: 5910, train loss: 0.200, val loss: 0.198
step: 5920, train loss: 0.199, val loss: 0.197
step: 5930, train loss: 0.201, val loss: 0.192
step: 5940, train loss: 0.198, val loss: 0.196
step: 5950, train loss: 0.196, val loss: 0.199
step: 5960, train loss: 0.197, val loss: 0.197
step: 5970, train loss: 0.200, val loss: 0.199
step: 5980, train loss: 0.197, val loss: 0.202
step: 5990, train loss: 0.203, val loss: 0.198
step: 6000, train loss: 0.194, val loss: 0.197
step: 6010, train loss: 0.199, val loss: 0.196
step: 6020, train loss: 0.203, val loss: 0.198
step: 6030, train loss: 0.195, val loss: 0.199
step: 6040, train loss: 0.201, val loss: 0.195
step: 6050, train loss: 0.194, val loss: 0.195
step: 6060, train loss: 0.198, val loss: 0.193
step: 6070, train loss: 0.201, val loss: 0.196
step: 6080, train loss: 0.199, val loss: 0.195
step: 6090, train loss: 0.199, val loss: 0.197
step: 6100, train loss: 0.202, val loss: 0.201
step: 6110, train loss: 0.200, val loss: 0.195
step: 6120, train loss: 0.204, val loss: 0.201
step: 6130, train loss: 0.200, val loss: 0.195
step: 6140, train loss: 0.200, val loss: 0.197
step: 6150, train loss: 0.199, val loss: 0.197
step: 6160, train loss: 0.197, val loss: 0.198
step: 6170, train loss: 0.201, val loss: 0.194
step: 6180, train loss: 0.202, val loss: 0.196
step: 6190, train loss: 0.200, val loss: 0.200
step: 6200, train loss: 0.198, val loss: 0.197
step: 6210, train loss: 0.201, val loss: 0.196
step: 6220, train loss: 0.202, val loss: 0.197
step: 6230, train loss: 0.200, val loss: 0.197
step: 6240, train loss: 0.202, val loss: 0.198
step: 6250, train loss: 0.200, val loss: 0.191
step: 6260, train loss: 0.196, val loss: 0.200
step: 6270, train loss: 0.201, val loss: 0.197
step: 6280, train loss: 0.202, val loss: 0.196
step: 6290, train loss: 0.196, val loss: 0.198
step: 6300, train loss: 0.201, val loss: 0.198
step: 6310, train loss: 0.196, val loss: 0.198
step: 6320, train loss: 0.199, val loss: 0.200
step: 6330, train loss: 0.194, val loss: 0.194
step: 6340, train loss: 0.197, val loss: 0.196
step: 6350, train loss: 0.199, val loss: 0.197
step: 6360, train loss: 0.203, val loss: 0.198
step: 6370, train loss: 0.199, val loss: 0.195
step: 6380, train loss: 0.202, val loss: 0.199
step: 6390, train loss: 0.198, val loss: 0.195
step: 6400, train loss: 0.199, val loss: 0.193
step: 6410, train loss: 0.197, val loss: 0.190
step: 6420, train loss: 0.202, val loss: 0.194
step: 6430, train loss: 0.198, val loss: 0.196
step: 6440, train loss: 0.199, val loss: 0.198
step: 6450, train loss: 0.201, val loss: 0.200
step: 6460, train loss: 0.197, val loss: 0.200
step: 6470, train loss: 0.202, val loss: 0.195
step: 6480, train loss: 0.202, val loss: 0.195
step: 6490, train loss: 0.200, val loss: 0.198
step: 6500, train loss: 0.205, val loss: 0.197
step: 6510, train loss: 0.196, val loss: 0.193
step: 6520, train loss: 0.204, val loss: 0.199
step: 6530, train loss: 0.203, val loss: 0.195
step: 6540, train loss: 0.194, val loss: 0.197
step: 6550, train loss: 0.197, val loss: 0.201
step: 6560, train loss: 0.200, val loss: 0.202
step: 6570, train loss: 0.199, val loss: 0.197
step: 6580, train loss: 0.192, val loss: 0.196
step: 6590, train loss: 0.197, val loss: 0.198
step: 6600, train loss: 0.202, val loss: 0.196
step: 6610, train loss: 0.200, val loss: 0.199
step: 6620, train loss: 0.195, val loss: 0.196
step: 6630, train loss: 0.202, val loss: 0.200
step: 6640, train loss: 0.199, val loss: 0.197
step: 6650, train loss: 0.199, val loss: 0.201
step: 6660, train loss: 0.204, val loss: 0.194
step: 6670, train loss: 0.199, val loss: 0.195
step: 6680, train loss: 0.199, val loss: 0.196
step: 6690, train loss: 0.206, val loss: 0.195
step: 6700, train loss: 0.198, val loss: 0.195
step: 6710, train loss: 0.202, val loss: 0.194
step: 6720, train loss: 0.193, val loss: 0.198
step: 6730, train loss: 0.205, val loss: 0.195
step: 6740, train loss: 0.198, val loss: 0.196
step: 6750, train loss: 0.204, val loss: 0.200
step: 6760, train loss: 0.200, val loss: 0.197
step: 6770, train loss: 0.204, val loss: 0.199
step: 6780, train loss: 0.200, val loss: 0.194
step: 6790, train loss: 0.197, val loss: 0.192
step: 6800, train loss: 0.201, val loss: 0.193
step: 6810, train loss: 0.194, val loss: 0.196
step: 6820, train loss: 0.200, val loss: 0.200
step: 6830, train loss: 0.201, val loss: 0.196
step: 6840, train loss: 0.202, val loss: 0.198
step: 6850, train loss: 0.203, val loss: 0.197
step: 6860, train loss: 0.201, val loss: 0.198
step: 6870, train loss: 0.199, val loss: 0.194
step: 6880, train loss: 0.202, val loss: 0.197
step: 6890, train loss: 0.196, val loss: 0.200
step: 6900, train loss: 0.200, val loss: 0.194
step: 6910, train loss: 0.201, val loss: 0.193
step: 6920, train loss: 0.197, val loss: 0.199
step: 6930, train loss: 0.196, val loss: 0.192
step: 6940, train loss: 0.195, val loss: 0.202
step: 6950, train loss: 0.196, val loss: 0.197
step: 6960, train loss: 0.199, val loss: 0.199
step: 6970, train loss: 0.198, val loss: 0.197
step: 6980, train loss: 0.193, val loss: 0.198
step: 6990, train loss: 0.202, val loss: 0.197
step: 7000, train loss: 0.205, val loss: 0.199
step: 7010, train loss: 0.202, val loss: 0.194
step: 7020, train loss: 0.197, val loss: 0.195
step: 7030, train loss: 0.204, val loss: 0.200
step: 7040, train loss: 0.196, val loss: 0.199
step: 7050, train loss: 0.194, val loss: 0.195
step: 7060, train loss: 0.207, val loss: 0.195
step: 7070, train loss: 0.205, val loss: 0.197
step: 7080, train loss: 0.200, val loss: 0.196
step: 7090, train loss: 0.198, val loss: 0.197
step: 7100, train loss: 0.200, val loss: 0.199
step: 7110, train loss: 0.199, val loss: 0.198
step: 7120, train loss: 0.193, val loss: 0.196
step: 7130, train loss: 0.200, val loss: 0.199
step: 7140, train loss: 0.196, val loss: 0.193
step: 7150, train loss: 0.200, val loss: 0.191
step: 7160, train loss: 0.198, val loss: 0.197
step: 7170, train loss: 0.205, val loss: 0.196
step: 7180, train loss: 0.194, val loss: 0.201
step: 7190, train loss: 0.198, val loss: 0.195
step: 7200, train loss: 0.200, val loss: 0.194
step: 7210, train loss: 0.198, val loss: 0.198
step: 7220, train loss: 0.196, val loss: 0.192
step: 7230, train loss: 0.202, val loss: 0.196
step: 7240, train loss: 0.198, val loss: 0.198
step: 7250, train loss: 0.197, val loss: 0.198
step: 7260, train loss: 0.196, val loss: 0.196
step: 7270, train loss: 0.199, val loss: 0.201
step: 7280, train loss: 0.199, val loss: 0.196
step: 7290, train loss: 0.197, val loss: 0.193
step: 7300, train loss: 0.197, val loss: 0.198
step: 7310, train loss: 0.200, val loss: 0.200
step: 7320, train loss: 0.198, val loss: 0.194
step: 7330, train loss: 0.201, val loss: 0.200
step: 7340, train loss: 0.201, val loss: 0.200
step: 7350, train loss: 0.202, val loss: 0.196
step: 7360, train loss: 0.193, val loss: 0.195
step: 7370, train loss: 0.207, val loss: 0.198
step: 7380, train loss: 0.199, val loss: 0.199
step: 7390, train loss: 0.200, val loss: 0.194
step: 7400, train loss: 0.202, val loss: 0.193
step: 7410, train loss: 0.202, val loss: 0.196
step: 7420, train loss: 0.196, val loss: 0.199
step: 7430, train loss: 0.199, val loss: 0.196
step: 7440, train loss: 0.200, val loss: 0.195
step: 7450, train loss: 0.197, val loss: 0.201
step: 7460, train loss: 0.197, val loss: 0.200
step: 7470, train loss: 0.196, val loss: 0.194
step: 7480, train loss: 0.199, val loss: 0.198
step: 7490, train loss: 0.200, val loss: 0.194
step: 7500, train loss: 0.198, val loss: 0.198
step: 7510, train loss: 0.201, val loss: 0.196
step: 7520, train loss: 0.202, val loss: 0.199
step: 7530, train loss: 0.197, val loss: 0.200
step: 7540, train loss: 0.200, val loss: 0.192
step: 7550, train loss: 0.193, val loss: 0.196
step: 7560, train loss: 0.198, val loss: 0.200
step: 7570, train loss: 0.199, val loss: 0.196
step: 7580, train loss: 0.203, val loss: 0.194
step: 7590, train loss: 0.201, val loss: 0.194
step: 7600, train loss: 0.203, val loss: 0.198
step: 7610, train loss: 0.205, val loss: 0.198
step: 7620, train loss: 0.205, val loss: 0.196
step: 7630, train loss: 0.199, val loss: 0.196
step: 7640, train loss: 0.203, val loss: 0.197
step: 7650, train loss: 0.199, val loss: 0.198
step: 7660, train loss: 0.199, val loss: 0.197
step: 7670, train loss: 0.200, val loss: 0.195
step: 7680, train loss: 0.200, val loss: 0.196
step: 7690, train loss: 0.195, val loss: 0.196
step: 7700, train loss: 0.205, val loss: 0.197
step: 7710, train loss: 0.195, val loss: 0.198
step: 7720, train loss: 0.200, val loss: 0.198
step: 7730, train loss: 0.199, val loss: 0.200
step: 7740, train loss: 0.192, val loss: 0.194
step: 7750, train loss: 0.197, val loss: 0.193
step: 7760, train loss: 0.200, val loss: 0.194
step: 7770, train loss: 0.196, val loss: 0.197
step: 7780, train loss: 0.206, val loss: 0.198
step: 7790, train loss: 0.201, val loss: 0.200
step: 7800, train loss: 0.201, val loss: 0.198
step: 7810, train loss: 0.196, val loss: 0.196
step: 7820, train loss: 0.206, val loss: 0.198
step: 7830, train loss: 0.203, val loss: 0.196
step: 7840, train loss: 0.206, val loss: 0.200
step: 7850, train loss: 0.203, val loss: 0.202
step: 7860, train loss: 0.196, val loss: 0.198
step: 7870, train loss: 0.204, val loss: 0.198
step: 7880, train loss: 0.197, val loss: 0.194
step: 7890, train loss: 0.200, val loss: 0.197
step: 7900, train loss: 0.201, val loss: 0.196
step: 7910, train loss: 0.203, val loss: 0.197
step: 7920, train loss: 0.197, val loss: 0.199
step: 7930, train loss: 0.199, val loss: 0.194
step: 7940, train loss: 0.198, val loss: 0.197
step: 7950, train loss: 0.197, val loss: 0.196
step: 7960, train loss: 0.197, val loss: 0.196
step: 7970, train loss: 0.198, val loss: 0.197
step: 7980, train loss: 0.207, val loss: 0.197
step: 7990, train loss: 0.199, val loss: 0.198
step: 8000, train loss: 0.194, val loss: 0.195
step: 8010, train loss: 0.197, val loss: 0.194
step: 8020, train loss: 0.200, val loss: 0.196
step: 8030, train loss: 0.201, val loss: 0.196
step: 8040, train loss: 0.198, val loss: 0.195
step: 8050, train loss: 0.202, val loss: 0.199
step: 8060, train loss: 0.201, val loss: 0.197
step: 8070, train loss: 0.199, val loss: 0.197
step: 8080, train loss: 0.200, val loss: 0.200
step: 8090, train loss: 0.199, val loss: 0.196
step: 8100, train loss: 0.203, val loss: 0.202
step: 8110, train loss: 0.199, val loss: 0.198
step: 8120, train loss: 0.201, val loss: 0.198
step: 8130, train loss: 0.201, val loss: 0.196
step: 8140, train loss: 0.202, val loss: 0.192
step: 8150, train loss: 0.192, val loss: 0.199
step: 8160, train loss: 0.198, val loss: 0.198
step: 8170, train loss: 0.199, val loss: 0.201
step: 8180, train loss: 0.203, val loss: 0.198
step: 8190, train loss: 0.199, val loss: 0.197
step: 8200, train loss: 0.196, val loss: 0.196
step: 8210, train loss: 0.200, val loss: 0.197
step: 8220, train loss: 0.200, val loss: 0.198
step: 8230, train loss: 0.201, val loss: 0.197
step: 8240, train loss: 0.199, val loss: 0.194
step: 8250, train loss: 0.200, val loss: 0.194
step: 8260, train loss: 0.202, val loss: 0.198
step: 8270, train loss: 0.204, val loss: 0.202
step: 8280, train loss: 0.199, val loss: 0.195
step: 8290, train loss: 0.195, val loss: 0.195
step: 8300, train loss: 0.199, val loss: 0.193
step: 8310, train loss: 0.198, val loss: 0.194
step: 8320, train loss: 0.199, val loss: 0.194
step: 8330, train loss: 0.203, val loss: 0.196
step: 8340, train loss: 0.203, val loss: 0.196
step: 8350, train loss: 0.197, val loss: 0.194
step: 8360, train loss: 0.200, val loss: 0.197
step: 8370, train loss: 0.196, val loss: 0.202
step: 8380, train loss: 0.197, val loss: 0.194
step: 8390, train loss: 0.200, val loss: 0.194
step: 8400, train loss: 0.198, val loss: 0.193
step: 8410, train loss: 0.196, val loss: 0.197
step: 8420, train loss: 0.202, val loss: 0.197
step: 8430, train loss: 0.205, val loss: 0.197
step: 8440, train loss: 0.200, val loss: 0.196
step: 8450, train loss: 0.199, val loss: 0.193
step: 8460, train loss: 0.201, val loss: 0.198
step: 8470, train loss: 0.202, val loss: 0.199
step: 8480, train loss: 0.198, val loss: 0.197
step: 8490, train loss: 0.203, val loss: 0.197
step: 8500, train loss: 0.203, val loss: 0.194
step: 8510, train loss: 0.197, val loss: 0.194
step: 8520, train loss: 0.202, val loss: 0.194
step: 8530, train loss: 0.198, val loss: 0.197
step: 8540, train loss: 0.198, val loss: 0.194
step: 8550, train loss: 0.197, val loss: 0.197
step: 8560, train loss: 0.199, val loss: 0.193
step: 8570, train loss: 0.196, val loss: 0.195
step: 8580, train loss: 0.203, val loss: 0.199
step: 8590, train loss: 0.201, val loss: 0.197
step: 8600, train loss: 0.198, val loss: 0.199
step: 8610, train loss: 0.203, val loss: 0.196
step: 8620, train loss: 0.199, val loss: 0.199
step: 8630, train loss: 0.199, val loss: 0.196
step: 8640, train loss: 0.200, val loss: 0.198
step: 8650, train loss: 0.193, val loss: 0.198
step: 8660, train loss: 0.203, val loss: 0.195
step: 8670, train loss: 0.200, val loss: 0.199
step: 8680, train loss: 0.204, val loss: 0.192
step: 8690, train loss: 0.202, val loss: 0.197
step: 8700, train loss: 0.198, val loss: 0.195
step: 8710, train loss: 0.200, val loss: 0.191
step: 8720, train loss: 0.199, val loss: 0.195
step: 8730, train loss: 0.200, val loss: 0.196
step: 8740, train loss: 0.193, val loss: 0.200
step: 8750, train loss: 0.200, val loss: 0.190
step: 8760, train loss: 0.200, val loss: 0.201
step: 8770, train loss: 0.202, val loss: 0.190
step: 8780, train loss: 0.201, val loss: 0.198
step: 8790, train loss: 0.202, val loss: 0.198
step: 8800, train loss: 0.199, val loss: 0.198
step: 8810, train loss: 0.203, val loss: 0.195
step: 8820, train loss: 0.198, val loss: 0.198
step: 8830, train loss: 0.199, val loss: 0.199
step: 8840, train loss: 0.201, val loss: 0.196
step: 8850, train loss: 0.195, val loss: 0.191
step: 8860, train loss: 0.197, val loss: 0.200
step: 8870, train loss: 0.203, val loss: 0.195
step: 8880, train loss: 0.197, val loss: 0.193
step: 8890, train loss: 0.198, val loss: 0.195
step: 8900, train loss: 0.198, val loss: 0.195
step: 8910, train loss: 0.202, val loss: 0.196
step: 8920, train loss: 0.199, val loss: 0.193
step: 8930, train loss: 0.197, val loss: 0.196
step: 8940, train loss: 0.200, val loss: 0.194
step: 8950, train loss: 0.198, val loss: 0.199
step: 8960, train loss: 0.200, val loss: 0.195
step: 8970, train loss: 0.201, val loss: 0.194
step: 8980, train loss: 0.197, val loss: 0.195
step: 8990, train loss: 0.204, val loss: 0.198
step: 9000, train loss: 0.198, val loss: 0.194
step: 9010, train loss: 0.201, val loss: 0.197
step: 9020, train loss: 0.198, val loss: 0.194
step: 9030, train loss: 0.203, val loss: 0.196
step: 9040, train loss: 0.201, val loss: 0.197
step: 9050, train loss: 0.205, val loss: 0.198
step: 9060, train loss: 0.199, val loss: 0.196
step: 9070, train loss: 0.197, val loss: 0.201
step: 9080, train loss: 0.200, val loss: 0.194
step: 9090, train loss: 0.200, val loss: 0.197
step: 9100, train loss: 0.198, val loss: 0.198
step: 9110, train loss: 0.195, val loss: 0.197
step: 9120, train loss: 0.201, val loss: 0.192
step: 9130, train loss: 0.199, val loss: 0.199
step: 9140, train loss: 0.197, val loss: 0.192
step: 9150, train loss: 0.196, val loss: 0.192
step: 9160, train loss: 0.197, val loss: 0.196
step: 9170, train loss: 0.198, val loss: 0.196
step: 9180, train loss: 0.198, val loss: 0.194
step: 9190, train loss: 0.195, val loss: 0.200
step: 9200, train loss: 0.198, val loss: 0.192
step: 9210, train loss: 0.200, val loss: 0.199
step: 9220, train loss: 0.203, val loss: 0.196
step: 9230, train loss: 0.200, val loss: 0.197
step: 9240, train loss: 0.197, val loss: 0.194
step: 9250, train loss: 0.198, val loss: 0.194
step: 9260, train loss: 0.199, val loss: 0.197
step: 9270, train loss: 0.197, val loss: 0.200
step: 9280, train loss: 0.199, val loss: 0.198
step: 9290, train loss: 0.205, val loss: 0.193
step: 9300, train loss: 0.197, val loss: 0.196
step: 9310, train loss: 0.200, val loss: 0.197
step: 9320, train loss: 0.204, val loss: 0.193
step: 9330, train loss: 0.205, val loss: 0.200
step: 9340, train loss: 0.201, val loss: 0.191
step: 9350, train loss: 0.199, val loss: 0.198
step: 9360, train loss: 0.200, val loss: 0.195
step: 9370, train loss: 0.202, val loss: 0.199
step: 9380, train loss: 0.197, val loss: 0.193
step: 9390, train loss: 0.193, val loss: 0.195
step: 9400, train loss: 0.204, val loss: 0.195
step: 9410, train loss: 0.200, val loss: 0.195
step: 9420, train loss: 0.199, val loss: 0.195
step: 9430, train loss: 0.202, val loss: 0.200
step: 9440, train loss: 0.202, val loss: 0.197
step: 9450, train loss: 0.204, val loss: 0.195
step: 9460, train loss: 0.202, val loss: 0.199
step: 9470, train loss: 0.195, val loss: 0.199
step: 9480, train loss: 0.197, val loss: 0.196
step: 9490, train loss: 0.199, val loss: 0.192
step: 9500, train loss: 0.197, val loss: 0.199
step: 9510, train loss: 0.201, val loss: 0.197
step: 9520, train loss: 0.203, val loss: 0.200
step: 9530, train loss: 0.196, val loss: 0.196
step: 9540, train loss: 0.206, val loss: 0.197
step: 9550, train loss: 0.196, val loss: 0.197
step: 9560, train loss: 0.200, val loss: 0.196
step: 9570, train loss: 0.201, val loss: 0.192
step: 9580, train loss: 0.199, val loss: 0.193
step: 9590, train loss: 0.200, val loss: 0.196
step: 9600, train loss: 0.197, val loss: 0.194
step: 9610, train loss: 0.199, val loss: 0.195
step: 9620, train loss: 0.195, val loss: 0.196
step: 9630, train loss: 0.203, val loss: 0.201
step: 9640, train loss: 0.199, val loss: 0.194
step: 9650, train loss: 0.200, val loss: 0.197
step: 9660, train loss: 0.194, val loss: 0.197
step: 9670, train loss: 0.202, val loss: 0.195
step: 9680, train loss: 0.205, val loss: 0.195
step: 9690, train loss: 0.199, val loss: 0.200
step: 9700, train loss: 0.203, val loss: 0.198
step: 9710, train loss: 0.203, val loss: 0.197
step: 9720, train loss: 0.200, val loss: 0.198
step: 9730, train loss: 0.198, val loss: 0.198
step: 9740, train loss: 0.195, val loss: 0.198
step: 9750, train loss: 0.197, val loss: 0.196
step: 9760, train loss: 0.199, val loss: 0.196
step: 9770, train loss: 0.200, val loss: 0.199
step: 9780, train loss: 0.198, val loss: 0.196
step: 9790, train loss: 0.201, val loss: 0.198
step: 9800, train loss: 0.201, val loss: 0.196
step: 9810, train loss: 0.199, val loss: 0.196
step: 9820, train loss: 0.198, val loss: 0.201
step: 9830, train loss: 0.200, val loss: 0.198
step: 9840, train loss: 0.204, val loss: 0.197
step: 9850, train loss: 0.198, val loss: 0.196
step: 9860, train loss: 0.200, val loss: 0.196
step: 9870, train loss: 0.198, val loss: 0.195
step: 9880, train loss: 0.196, val loss: 0.197
step: 9890, train loss: 0.200, val loss: 0.198
step: 9900, train loss: 0.204, val loss: 0.197
step: 9910, train loss: 0.204, val loss: 0.194
step: 9920, train loss: 0.202, val loss: 0.197
step: 9930, train loss: 0.202, val loss: 0.199
step: 9940, train loss: 0.202, val loss: 0.197
step: 9950, train loss: 0.195, val loss: 0.199
step: 9960, train loss: 0.195, val loss: 0.197
step: 9970, train loss: 0.195, val loss: 0.192
step: 9980, train loss: 0.204, val loss: 0.200
step: 9990, train loss: 0.195, val loss: 0.196
model saved
